// Jest Snapshot v1, https://goo.gl/fbAQLP

exports[`appRoutes should render correctly 1`] = `<appRoutes />`;
